// Jest Snapshot v1, https://goo.gl/fbAQLP

exports[`components/user/edit-form opens 1`] = `
<div class="edit-user">
  <form class="user-edit">
    <header>
      <h1>Edit User</h1>
    </header>
    <div>
      <div class="form-row"><label>Name</label> <input title="Name" type="text" name="name" required="required"></div>
      <div class="form-row"><label>Email</label> <input title="Email" type="email" name="email" required="required"></div>
      <div class="form-row"><label>Password</label> <input name="password" placeholder="Leave blank for no changes" type="password"></div>
    </div>
    <footer>
      <btn-stub type="submit" class="btn-update">Update</btn-stub>
      <btn-stub white="" class="btn-cancel">Cancel</btn-stub>
    </footer>
  </form>
</div>
`;
