// Jest Snapshot v1, https://goo.gl/fbAQLP

exports[`components/ui/view-mode-switch renders properly 1`] = `<span class="view-modes"><a title="View as thumbnails" role="button" href="#" class="thumbnails active"><i class="fa fa-th-large"></i></a> <a title="View as list" role="button" href="#" class="list"><i class="fa fa-list"></i></a></span>`;
