// Jest Snapshot v1, https://goo.gl/fbAQLP

exports[`components/song/list-controls-toggler renders properly 1`] = `<span class="song-list-controls-toggler"><i class="fa fa-angle-up toggler"></i></span>`;
